2026-09-06T23:07:40.646Z driver3 armed: probing for a mock draft-room page
2026-09-06T23:10:57.753Z room: league=446120701 teamId=1
2026-09-06T23:10:57.754Z mock grant written
2026-09-06T23:10:57.762Z raw CDP Network tap enabled
2026-09-06T23:10:57.763Z chooser: contextual engine (slot-adjusted VORP), teams=10
2026-09-06T23:10:58.951Z WS CREATED: wss://fantasydraft.espn.com/game-1/league-446120701/JOIN?1=1&2=446120701&3=1&4={053215C3-C
2026-09-06T23:11:02.725Z WS CREATED: wss://fantasydraft.espn.com/game-1/league-446120701/JOIN?1=1&2=446120701&3=1&4={053215C3-C
2026-09-06T23:10:58.256Z WS CREATED: wss://fantasydraft.espn.com/game-1/league-446120701/JOIN?1=1&2=446120701&3=1&4={053215C3-C
2026-09-06T23:10:59.048Z pickArea: Your draft is about to start Your first pick: Round 1, Pick 8 | DRAFTING IN 00:23
2026-09-06T23:11:00.006Z WS CREATED: wss://espn.connections.edge.bamgrid.com/dfcc3f/connection?X-Application-Version=0.0.1&X-BA
2026-09-06T23:11:22.472Z pickArea: You're on the clock in: 7 Picks Round 1, Pick 8 | RND 1 OF 16 --:--
2026-09-06T23:11:23.281Z pickArea: You're on the clock in: 6 Picks Round 1, Pick 8 | RND 1 OF 16 00:30
2026-09-06T23:11:24.475Z pickArea: You're on the clock in: 5 Picks Round 1, Pick 8 | RND 1 OF 16 00:30
2026-09-06T23:11:25.805Z pickArea: You're on the clock in: 4 Picks Round 1, Pick 8 | RND 1 OF 16 00:29
2026-09-06T23:11:27.468Z pickArea: You're on the clock in: 3 Picks Round 1, Pick 8 | RND 1 OF 16 00:29
2026-09-06T23:11:28.623Z pickArea: You're on the clock in: 2 Picks Round 1, Pick 8 | RND 1 OF 16 00:29
2026-09-06T23:11:30.332Z pickArea: You're on the clock in: 1 Pick Round 1, Pick 8 | RND 1 OF 16 00:29
2026-09-06T23:11:31.985Z pickArea: You are on the clock! Your autopick would be: Puka Nacua / Los Angeles Rams WR DRAFT | RND 1 OF 16 00:29
2026-09-06T23:11:33.018Z chooser err: raft-assistant/data/mock/hist.txt --visible /home/ryder/SoftwareProjects/fantasy-draft-assistant/data/mock/visible.json --exclude --roster --overall 8 --slot 8 --teams 10 --league 446120701 --teamid 1
2026-09-06T23:11:33.772Z chooser err: raft-assistant/data/mock/hist.txt --visible /home/ryder/SoftwareProjects/fantasy-draft-assistant/data/mock/visible.json --exclude --roster --overall 8 --slot 8 --teams 10 --league 446120701 --teamid 1
2026-09-06T23:11:35.016Z chooser err: raft-assistant/data/mock/hist.txt --visible /home/ryder/SoftwareProjects/fantasy-draft-assistant/data/mock/visible.json --exclude --roster --overall 8 --slot 8 --teams 10 --league 446120701 --teamid 1
2026-09-06T23:11:36.280Z OUR TURN (overall~8 slot~8) clock=00:26 -> Puka Nacua (WR) why={"vorp":144.96,"survival":0.115,"wait_loss":36.89,"slot":"starter","run_pressure":0,"ctx_score":73.13,"round":1,"picks_known":7,"my_roster_pos":[]}
2026-09-06T23:11:37.974Z actuate LIVE ok (1694ms): Verify the pick via a fresh snapshot before doing anything else.
2026-09-06T23:11:38.480Z VERIFIED our pick #1: Puka Nacua (WR) | total 2200ms
2026-09-06T23:11:44.951Z pickArea: You drafted Puka Nacua! Los Angeles Rams / WR | RND 1 OF 16 00:30
2026-09-06T23:11:41.688Z pickArea:  | RND 2 OF 16 00:30
2026-09-06T23:11:43.775Z pickArea: You're on the clock in: 1 Pick Round 2, Pick 3 | RND 2 OF 16 00:30
2026-09-06T23:11:44.123Z pickArea: You are on the clock! Your autopick would be: Ashton Jeanty / Las Vegas Raiders RB DRAFT | RND 2 OF 16 00:29
2026-09-06T23:11:45.273Z chooser err: k/hist.txt --visible /home/ryder/SoftwareProjects/fantasy-draft-assistant/data/mock/visible.json --exclude Puka Nacua --roster Puka Nacua --overall 13 --slot 8 --teams 10 --league 446120701 --teamid 1
2026-09-06T23:11:46.755Z chooser err: k/hist.txt --visible /home/ryder/SoftwareProjects/fantasy-draft-assistant/data/mock/visible.json --exclude Puka Nacua --roster Puka Nacua --overall 13 --slot 8 --teams 10 --league 446120701 --teamid 1
2026-09-06T23:11:48.278Z OUR TURN (overall~13 slot~8) clock=00:27 -> Justin Jefferson (WR) why={"vorp":86.05,"survival":0.004,"wait_loss":44.94,"slot":"starter","run_pressure":0,"ctx_score":66.45,"round":2,"picks_known":12,"my_roster_pos":["WR"]}
2026-09-06T23:11:49.622Z actuate LIVE ok (1344ms): Verify the pick via a fresh snapshot before doing anything else.
2026-09-06T23:11:50.126Z VERIFIED our pick #2: Justin Jefferson (WR) | total 1848ms
2026-09-06T23:11:50.533Z pickArea: You drafted Justin Jefferson! Minnesota Vikings / WR | RND 2 OF 16 00:30
2026-09-06T23:11:53.364Z pickArea: You're on the clock in: 12 Picks Round 3, Pick 8 | RND 2 OF 16 00:30
2026-09-06T23:11:54.495Z pickArea: You're on the clock in: 11 Picks Round 3, Pick 8 | RND 2 OF 16 00:30
2026-09-06T23:11:56.167Z pickArea: You're on the clock in: 10 Picks Round 3, Pick 8 | RND 2 OF 16 00:30
2026-09-06T23:11:57.810Z pickArea: You're on the clock in: 9 Picks Round 3, Pick 8 | RND 2 OF 16 00:30
2026-09-06T23:11:58.946Z pickArea: You're on the clock in: 8 Picks Round 3, Pick 8 | RND 2 OF 16 00:30
2026-09-06T23:12:00.578Z pickArea: You're on the clock in: 7 Picks Round 3, Pick 8 | RND 3 OF 16 00:30
2026-09-06T23:12:02.262Z pickArea: You're on the clock in: 6 Picks Round 3, Pick 8 | RND 3 OF 16 00:30
2026-09-06T23:12:09.942Z pickArea: You're on the clock in: 5 Picks Round 3, Pick 8 | RND 3 OF 16 00:30
2026-09-06T23:12:04.991Z pickArea: You're on the clock in: 4 Picks Round 3, Pick 8 | RND 3 OF 16 00:30
2026-09-06T23:12:06.616Z pickArea: You're on the clock in: 3 Picks Round 3, Pick 8 | RND 3 OF 16 00:29
2026-09-06T23:12:08.265Z pickArea: You're on the clock in: 2 Picks Round 3, Pick 8 | RND 3 OF 16 00:29
2026-09-06T23:12:09.403Z pickArea: You're on the clock in: 1 Pick Round 3, Pick 8 | RND 3 OF 16 00:29
2026-09-06T23:12:11.022Z pickArea: You are on the clock! Your autopick would be: Breece Hall / New York Jets RB DRAFT | RND 3 OF 16 00:29
2026-09-06T23:12:12.121Z chooser err: oftwareProjects/fantasy-draft-assistant/data/mock/visible.json --exclude Puka Nacua,Justin Jefferson --roster Puka Nacua,Justin Jefferson --overall 28 --slot 8 --teams 10 --league 446120701 --teamid 1
2026-09-06T23:12:13.614Z chooser err: oftwareProjects/fantasy-draft-assistant/data/mock/visible.json --exclude Puka Nacua,Justin Jefferson --roster Puka Nacua,Justin Jefferson --overall 28 --slot 8 --teams 10 --league 446120701 --teamid 1
2026-09-06T23:12:14.583Z chooser err: oftwareProjects/fantasy-draft-assistant/data/mock/visible.json --exclude Puka Nacua,Justin Jefferson --roster Puka Nacua,Justin Jefferson --overall 28 --slot 8 --teams 10 --league 446120701 --teamid 1
2026-09-06T23:12:16.052Z OUR TURN (overall~28 slot~8) clock=00:25 -> Breece Hall (RB) why={"vorp":80.41,"survival":1,"wait_loss":14.12,"slot":"starter","run_pressure":0,"ctx_score":34.22,"round":3,"picks_known":27,"my_roster_pos":["WR","WR"]}
2026-09-06T23:12:17.728Z actuate LIVE ok (1676ms): Verify the pick via a fresh snapshot before doing anything else.
2026-09-06T23:12:18.234Z VERIFIED our pick #3: Breece Hall (RB) | total 2182ms
2026-09-06T23:12:18.638Z pickArea: You drafted Breece Hall! New York Jets / RB | RND 3 OF 16 00:30
2026-09-06T23:12:21.386Z pickArea: You're on the clock in: 2 Picks Round 4, Pick 3 | RND 4 OF 16 00:30
2026-09-06T23:12:22.599Z pickArea: You're on the clock in: 1 Pick Round 4, Pick 3 | RND 4 OF 16 00:29
2026-09-06T23:12:23.707Z pickArea: You are on the clock! Your autopick would be: Travis Etienne Jr. / New Orleans Saints RB DRAFT | RND 4 OF 16 00:29
2026-09-06T23:12:24.783Z chooser err: draft-assistant/data/mock/visible.json --exclude Puka Nacua,Justin Jefferson,Breece Hall --roster Puka Nacua,Justin Jefferson,Breece Hall --overall 33 --slot 8 --teams 10 --league 446120701 --teamid 1
2026-09-06T23:12:26.221Z chooser err: draft-assistant/data/mock/visible.json --exclude Puka Nacua,Justin Jefferson,Breece Hall --roster Puka Nacua,Justin Jefferson,Breece Hall --overall 33 --slot 8 --teams 10 --league 446120701 --teamid 1
2026-09-06T23:12:27.620Z chooser err: draft-assistant/data/mock/visible.json --exclude Puka Nacua,Justin Jefferson,Breece Hall --roster Puka Nacua,Justin Jefferson,Breece Hall --overall 33 --slot 8 --teams 10 --league 446120701 --teamid 1
2026-09-06T23:12:28.882Z OUR TURN (overall~33 slot~8) clock=00:26 -> Travis Etienne Jr. (RB) why={"vorp":52.64,"survival":0.046,"wait_loss":37.21,"slot":"starter","run_pressure":0,"ctx_score":50.37,"round":4,"picks_known":32,"my_roster_pos":["WR","WR","RB"]}
2026-09-06T23:12:29.793Z actuate LIVE ok (911ms): Verify the pick via a fresh snapshot before doing anything else.
2026-09-06T23:12:30.297Z VERIFIED our pick #4: Travis Etienne Jr. (RB) | total 1415ms
2026-09-06T23:12:30.700Z pickArea: You drafted Travis Etienne Jr.! New Orleans Saints / RB | RND 4 OF 16 00:30
2026-09-06T23:12:40.027Z pickArea: You're on the clock in: 12 Picks Round 5, Pick 8 | RND 4 OF 16 00:30
2026-09-06T23:12:34.691Z pickArea: You're on the clock in: 11 Picks Round 5, Pick 8 | RND 4 OF 16 00:29
2026-09-06T23:12:36.346Z pickArea: You're on the clock in: 10 Picks Round 5, Pick 8 | RND 4 OF 16 00:29
2026-09-06T23:12:38.380Z pickArea: You're on the clock in: 9 Picks Round 5, Pick 8 | RND 4 OF 16 00:30
2026-09-06T23:12:39.087Z pickArea: You're on the clock in: 8 Picks Round 5, Pick 8 | RND 4 OF 16 00:29
2026-09-06T23:12:40.706Z pickArea: You're on the clock in: 7 Picks Round 5, Pick 8 | RND 5 OF 16 00:29
2026-09-06T23:12:42.350Z pickArea: You're on the clock in: 6 Picks Round 5, Pick 8 | RND 5 OF 16 00:29
2026-09-06T23:12:50.073Z pickArea: You're on the clock in: 5 Picks Round 5, Pick 8 | RND 5 OF 16 00:29
2026-09-06T23:12:45.129Z pickArea: You're on the clock in: 4 Picks Round 5, Pick 8 | RND 5 OF 16 00:29
2026-09-06T23:12:46.745Z pickArea: You're on the clock in: 3 Picks Round 5, Pick 8 | RND 5 OF 16 00:29
2026-09-06T23:12:48.419Z pickArea: You're on the clock in: 2 Picks Round 5, Pick 8 | RND 5 OF 16 00:29
2026-09-06T23:12:49.540Z pickArea: You're on the clock in: 1 Pick Round 5, Pick 8 | RND 5 OF 16 00:29
2026-09-06T23:12:51.204Z pickArea: You are on the clock! Your autopick would be: Tyler Warren / Indianapolis Colts TE DRAFT | RND 5 OF 16 00:29
2026-09-06T23:12:52.288Z chooser err:  --exclude Puka Nacua,Justin Jefferson,Breece Hall,Travis Etienne Jr. --roster Puka Nacua,Justin Jefferson,Breece Hall,Travis Etienne Jr. --overall 48 --slot 8 --teams 10 --league 446120701 --teamid 1
2026-09-06T23:12:53.731Z chooser err:  --exclude Puka Nacua,Justin Jefferson,Breece Hall,Travis Etienne Jr. --roster Puka Nacua,Justin Jefferson,Breece Hall,Travis Etienne Jr. --overall 48 --slot 8 --teams 10 --league 446120701 --teamid 1
2026-09-06T23:12:54.689Z chooser err:  --exclude Puka Nacua,Justin Jefferson,Breece Hall,Travis Etienne Jr. --roster Puka Nacua,Justin Jefferson,Breece Hall,Travis Etienne Jr. --overall 48 --slot 8 --teams 10 --league 446120701 --teamid 1
2026-09-06T23:12:56.135Z OUR TURN (overall~48 slot~8) clock=00:26 -> Tyler Warren (TE) why={"vorp":41.56,"survival":0.085,"wait_loss":9.75,"slot":"starter","run_pressure":0,"ctx_score":20.14,"round":5,"picks_known":47,"my_roster_pos":["WR","WR","RB","RB"]}
2026-09-06T23:12:57.900Z actuate LIVE ok (1765ms): Verify the pick via a fresh snapshot before doing anything else.
2026-09-06T23:12:58.405Z VERIFIED our pick #5: Tyler Warren (TE) | total 2270ms
2026-09-06T23:12:58.810Z pickArea: You drafted Tyler Warren! Indianapolis Colts / TE | RND 5 OF 16 00:30
2026-09-06T23:13:01.570Z pickArea: You're on the clock in: 2 Picks Round 6, Pick 3 | RND 6 OF 16 00:30
2026-09-06T23:13:02.786Z pickArea: You're on the clock in: 1 Pick Round 6, Pick 3 | RND 6 OF 16 00:29
2026-09-06T23:13:03.915Z pickArea: You are on the clock! Your autopick would be: Drake Maye / New England Patriots QB DRAFT | RND 6 OF 16 00:29
2026-09-06T23:13:05.312Z chooser err: in Jefferson,Breece Hall,Travis Etienne Jr.,Tyler Warren --roster Puka Nacua,Justin Jefferson,Breece Hall,Travis Etienne Jr.,Tyler Warren --overall 53 --slot 8 --teams 10 --league 446120701 --teamid 1
2026-09-06T23:13:07.098Z chooser err: in Jefferson,Breece Hall,Travis Etienne Jr.,Tyler Warren --roster Puka Nacua,Justin Jefferson,Breece Hall,Travis Etienne Jr.,Tyler Warren --overall 53 --slot 8 --teams 10 --league 446120701 --teamid 1
2026-09-06T23:13:08.536Z OUR TURN (overall~53 slot~8) clock=00:27 -> Rome Odunze (WR) why={"vorp":4.93,"survival":0.214,"wait_loss":24.77,"slot":"flex","run_pressure":1,"ctx_score":26,"round":6,"picks_known":52,"my_roster_pos":["WR","WR","RB","RB","TE"]}
2026-09-06T23:13:09.800Z actuate LIVE ok (1264ms): Verify the pick via a fresh snapshot before doing anything else.
2026-09-06T23:13:10.304Z VERIFIED our pick #6: Rome Odunze (WR) | total 1768ms
2026-09-06T23:13:10.708Z pickArea: You drafted Rome Odunze! Chicago Bears / WR | RND 6 OF 16 00:30
2026-09-06T23:13:20.039Z pickArea: You're on the clock in: 12 Picks Round 7, Pick 8 | RND 6 OF 16 00:30
2026-09-06T23:13:14.688Z pickArea: You're on the clock in: 11 Picks Round 7, Pick 8 | RND 6 OF 16 00:29
2026-09-06T23:13:16.305Z pickArea: You're on the clock in: 10 Picks Round 7, Pick 8 | RND 6 OF 16 00:29
2026-09-06T23:13:17.924Z pickArea: You're on the clock in: 9 Picks Round 7, Pick 8 | RND 6 OF 16 00:29
2026-09-06T23:13:19.045Z pickArea: You're on the clock in: 8 Picks Round 7, Pick 8 | RND 6 OF 16 00:29
2026-09-06T23:13:20.703Z pickArea: You're on the clock in: 7 Picks Round 7, Pick 8 | RND 7 OF 16 00:29
2026-09-06T23:13:22.366Z pickArea: You're on the clock in: 6 Picks Round 7, Pick 8 | RND 7 OF 16 00:29
2026-09-06T23:13:30.052Z pickArea: You're on the clock in: 5 Picks Round 7, Pick 8 | RND 7 OF 16 00:29
2026-09-06T23:13:25.127Z pickArea: You're on the clock in: 4 Picks Round 7, Pick 8 | RND 7 OF 16 00:29
2026-09-06T23:13:26.791Z pickArea: You're on the clock in: 3 Picks Round 7, Pick 8 | RND 7 OF 16 00:29
2026-09-06T23:13:28.447Z pickArea: You're on the clock in: 2 Picks Round 7, Pick 8 | RND 7 OF 16 00:29
2026-09-06T23:13:29.599Z pickArea: You're on the clock in: 1 Pick Round 7, Pick 8 | RND 7 OF 16 00:29
2026-09-06T23:13:31.258Z pickArea: You are on the clock! Your autopick would be: Jaxson Dart / New York Giants QB DRAFT | RND 7 OF 16 00:29
2026-09-06T23:13:32.370Z chooser err: ,Travis Etienne Jr.,Tyler Warren,Rome Odunze --roster Puka Nacua,Justin Jefferson,Breece Hall,Travis Etienne Jr.,Tyler Warren,Rome Odunze --overall 68 --slot 8 --teams 10 --league 446120701 --teamid 1
2026-09-06T23:13:33.887Z chooser err: ,Travis Etienne Jr.,Tyler Warren,Rome Odunze --roster Puka Nacua,Justin Jefferson,Breece Hall,Travis Etienne Jr.,Tyler Warren,Rome Odunze --overall 68 --slot 8 --teams 10 --league 446120701 --teamid 1
2026-09-06T23:13:34.917Z chooser err: ,Travis Etienne Jr.,Tyler Warren,Rome Odunze --roster Puka Nacua,Justin Jefferson,Breece Hall,Travis Etienne Jr.,Tyler Warren,Rome Odunze --overall 68 --slot 8 --teams 10 --league 446120701 --teamid 1
2026-09-06T23:13:36.520Z OUR TURN (overall~68 slot~8) clock=00:25 -> Jaxson Dart (QB) why={"vorp":9.98,"survival":0.195,"wait_loss":1.91,"slot":"starter","run_pressure":0,"ctx_score":4.41,"round":7,"picks_known":67,"my_roster_pos":["WR","WR","RB","RB","TE","WR"]}
2026-09-06T23:13:38.582Z actuate LIVE ok (2062ms): Verify the pick via a fresh snapshot before doing anything else.
2026-09-06T23:13:45.153Z VERIFIED our pick #7: Jaxson Dart (QB) | total 8633ms
2026-09-06T23:13:38.996Z pickArea: You drafted Jaxson Dart! New York Giants / QB | RND 7 OF 16 00:30
2026-09-06T23:13:41.832Z pickArea: You're on the clock in: 2 Picks Round 8, Pick 3 | RND 8 OF 16 00:30
2026-09-06T23:13:43.453Z pickArea: You're on the clock in: 1 Pick Round 8, Pick 3 | RND 8 OF 16 00:30
2026-09-06T23:13:44.570Z pickArea: You are on the clock! Your autopick would be: Travis Kelce / Kansas City Chiefs TE DRAFT | RND 8 OF 16 00:30
2026-09-06T23:13:45.775Z chooser err: r Warren,Rome Odunze,Jaxson Dart --roster Puka Nacua,Justin Jefferson,Breece Hall,Travis Etienne Jr.,Tyler Warren,Rome Odunze,Jaxson Dart --overall 73 --slot 8 --teams 10 --league 446120701 --teamid 1
2026-09-06T23:13:47.224Z chooser err: r Warren,Rome Odunze,Jaxson Dart --roster Puka Nacua,Justin Jefferson,Breece Hall,Travis Etienne Jr.,Tyler Warren,Rome Odunze,Jaxson Dart --overall 73 --slot 8 --teams 10 --league 446120701 --teamid 1
2026-09-06T23:13:48.869Z chooser err: r Warren,Rome Odunze,Jaxson Dart --roster Puka Nacua,Justin Jefferson,Breece Hall,Travis Etienne Jr.,Tyler Warren,Rome Odunze,Jaxson Dart --overall 73 --slot 8 --teams 10 --league 446120701 --teamid 1
2026-09-06T23:13:49.929Z OUR TURN (overall~73 slot~8) clock=00:26 -> Travis Kelce (TE) why={"vorp":2.44,"survival":0.001,"wait_loss":0,"slot":"bench","run_pressure":0,"ctx_score":0.73,"round":8,"picks_known":72,"my_roster_pos":["WR","WR","RB","RB","TE","WR","QB"]}
2026-09-06T23:13:51.995Z actuate LIVE ok (2066ms): Verify the pick via a fresh snapshot before doing anything else.
2026-09-06T23:13:52.500Z VERIFIED our pick #8: Travis Kelce (TE) | total 2571ms
2026-09-06T23:13:52.905Z pickArea: You drafted Travis Kelce! Kansas City Chiefs / TE | RND 8 OF 16 00:30
2026-09-06T23:13:55.657Z pickArea: You're on the clock in: 12 Picks Round 9, Pick 8 | RND 8 OF 16 00:30
2026-09-06T23:13:56.870Z pickArea: You're on the clock in: 11 Picks Round 9, Pick 8 | RND 8 OF 16 00:29
2026-09-06T23:13:58.493Z pickArea: You're on the clock in: 10 Picks Round 9, Pick 8 | RND 8 OF 16 00:29
2026-09-06T23:13:59.643Z pickArea: You're on the clock in: 9 Picks Round 9, Pick 8 | RND 8 OF 16 00:29
2026-09-06T23:14:01.304Z pickArea: You're on the clock in: 8 Picks Round 9, Pick 8 | RND 8 OF 16 00:29
2026-09-06T23:14:02.951Z pickArea: You're on the clock in: 7 Picks Round 9, Pick 8 | RND 9 OF 16 00:29
2026-09-06T23:14:04.455Z pickArea: You're on the clock in: 6 Picks Round 9, Pick 8 | RND 9 OF 16 00:30
2026-09-06T23:14:05.707Z pickArea: You're on the clock in: 5 Picks Round 9, Pick 8 | RND 9 OF 16 00:29
2026-09-06T23:14:07.376Z pickArea: You're on the clock in: 4 Picks Round 9, Pick 8 | RND 9 OF 16 00:29
2026-09-06T23:14:15.127Z pickArea: You're on the clock in: 3 Picks Round 9, Pick 8 | RND 9 OF 16 00:29
2026-09-06T23:14:10.586Z pickArea: You're on the clock in: 2 Picks Round 9, Pick 8 | RND 9 OF 16 00:30
2026-09-06T23:14:12.248Z pickArea: You're on the clock in: 1 Pick Round 9, Pick 8 | RND 9 OF 16 00:30
2026-09-06T23:14:13.884Z pickArea: You are on the clock! Your autopick would be: Dallas Goedert / Philadelphia Eagles TE DRAFT | RND 9 OF 16 00:30
2026-09-06T23:14:14.401Z chooser err: n Dart,Travis Kelce --roster Puka Nacua,Justin Jefferson,Breece Hall,Travis Etienne Jr.,Tyler Warren,Rome Odunze,Jaxson Dart,Travis Kelce --overall 88 --slot 8 --teams 10 --league 446120701 --teamid 1
2026-09-06T23:14:15.826Z chooser err: n Dart,Travis Kelce --roster Puka Nacua,Justin Jefferson,Breece Hall,Travis Etienne Jr.,Tyler Warren,Rome Odunze,Jaxson Dart,Travis Kelce --overall 88 --slot 8 --teams 10 --league 446120701 --teamid 1
2026-09-06T23:14:17.333Z chooser err: n Dart,Travis Kelce --roster Puka Nacua,Justin Jefferson,Breece Hall,Travis Etienne Jr.,Tyler Warren,Rome Odunze,Jaxson Dart,Travis Kelce --overall 88 --slot 8 --teams 10 --league 446120701 --teamid 1
2026-09-06T23:14:18.717Z OUR TURN (overall~88 slot~8) clock=00:25 -> Bo Nix (QB) why={"vorp":1.85,"survival":1,"wait_loss":0,"slot":"bench","run_pressure":0,"ctx_score":0.56,"round":9,"picks_known":87,"my_roster_pos":["WR","WR","RB","RB","TE","WR","QB","TE"]}
2026-09-06T23:14:20.242Z actuate LIVE ok (1525ms): Verify the pick via a fresh snapshot before doing anything else.
2026-09-06T23:14:20.746Z VERIFIED our pick #9: Bo Nix (QB) | total 2029ms
2026-09-06T23:14:21.150Z pickArea: You drafted Bo Nix! Denver Broncos / QB | RND 9 OF 16 00:30
2026-09-06T23:14:23.904Z pickArea: You're on the clock in: 2 Picks Round 10, Pick 3 | RND 10 OF 16 00:30
2026-09-06T23:14:25.116Z pickArea: You're on the clock in: 1 Pick Round 10, Pick 3 | RND 10 OF 16 00:29
2026-09-06T23:14:26.736Z pickArea: You are on the clock! Your autopick would be: Dallas Goedert / Philadelphia Eagles TE DRAFT | RND 10 OF 16 00:29
2026-09-06T23:14:27.802Z chooser err: Kelce,Bo Nix --roster Puka Nacua,Justin Jefferson,Breece Hall,Travis Etienne Jr.,Tyler Warren,Rome Odunze,Jaxson Dart,Travis Kelce,Bo Nix --overall 93 --slot 8 --teams 10 --league 446120701 --teamid 1
2026-09-06T23:14:35.282Z chooser err: Kelce,Bo Nix --roster Puka Nacua,Justin Jefferson,Breece Hall,Travis Etienne Jr.,Tyler Warren,Rome Odunze,Jaxson Dart,Travis Kelce,Bo Nix --overall 93 --slot 8 --teams 10 --league 446120701 --teamid 1
2026-09-06T23:14:30.140Z chooser err: Kelce,Bo Nix --roster Puka Nacua,Justin Jefferson,Breece Hall,Travis Etienne Jr.,Tyler Warren,Rome Odunze,Jaxson Dart,Travis Kelce,Bo Nix --overall 93 --slot 8 --teams 10 --league 446120701 --teamid 1
2026-09-06T23:14:31.584Z OUR TURN (overall~93 slot~8) clock=00:26 -> Chuba Hubbard (RB) why={"vorp":-4.15,"survival":0.008,"wait_loss":0,"slot":"bench","run_pressure":1,"ctx_score":-1.24,"round":10,"picks_known":92,"my_roster_pos":["WR","WR","RB","RB","TE","WR","QB","TE","QB"]}
2026-09-06T23:14:33.499Z actuate LIVE ok (1915ms): Verify the pick via a fresh snapshot before doing anything else.
2026-09-06T23:14:34.004Z VERIFIED our pick #10: Chuba Hubbard (RB) | total 2420ms
2026-09-06T23:14:33.902Z pickArea: You drafted Chuba Hubbard! Carolina Panthers / RB | RND 10 OF 16 00:30
2026-09-06T23:14:37.143Z pickArea: You're on the clock in: 12 Picks Round 11, Pick 8 | RND 10 OF 16 00:30
2026-09-06T23:14:38.359Z pickArea: You're on the clock in: 11 Picks Round 11, Pick 8 | RND 10 OF 16 00:29
2026-09-06T23:14:39.493Z pickArea: You're on the clock in: 10 Picks Round 11, Pick 8 | RND 10 OF 16 00:29
2026-09-06T23:14:41.116Z pickArea: You're on the clock in: 9 Picks Round 11, Pick 8 | RND 10 OF 16 00:29
2026-09-06T23:14:42.734Z pickArea: You're on the clock in: 8 Picks Round 11, Pick 8 | RND 10 OF 16 00:29
2026-09-06T23:14:43.866Z pickArea: You're on the clock in: 7 Picks Round 11, Pick 8 | RND 11 OF 16 00:29
2026-09-06T23:14:45.535Z pickArea: You're on the clock in: 6 Picks Round 11, Pick 8 | RND 11 OF 16 00:29
2026-09-06T23:14:47.169Z pickArea: You're on the clock in: 5 Picks Round 11, Pick 8 | RND 11 OF 16 00:29
2026-09-06T23:14:48.818Z pickArea: You're on the clock in: 4 Picks Round 11, Pick 8 | RND 11 OF 16 00:28
2026-09-06T23:14:49.964Z pickArea: You're on the clock in: 3 Picks Round 11, Pick 8 | RND 11 OF 16 00:29
2026-09-06T23:14:51.625Z pickArea: You're on the clock in: 2 Picks Round 11, Pick 8 | RND 11 OF 16 00:29
2026-09-06T23:14:53.291Z pickArea: You're on the clock in: 1 Pick Round 11, Pick 8 | RND 11 OF 16 00:29
2026-09-06T23:14:54.457Z pickArea: You are on the clock! Your autopick would be: Dallas Goedert / Philadelphia Eagles TE DRAFT | RND 11 OF 16 00:29
2026-09-06T23:14:55.496Z chooser err: roster Puka Nacua,Justin Jefferson,Breece Hall,Travis Etienne Jr.,Tyler Warren,Rome Odunze,Jaxson Dart,Travis Kelce,Bo Nix,Chuba Hubbard --overall 108 --slot 8 --teams 10 --league 446120701 --teamid 1
2026-09-06T23:14:56.897Z chooser err: roster Puka Nacua,Justin Jefferson,Breece Hall,Travis Etienne Jr.,Tyler Warren,Rome Odunze,Jaxson Dart,Travis Kelce,Bo Nix,Chuba Hubbard --overall 108 --slot 8 --teams 10 --league 446120701 --teamid 1
2026-09-06T23:14:58.289Z chooser err: roster Puka Nacua,Justin Jefferson,Breece Hall,Travis Etienne Jr.,Tyler Warren,Rome Odunze,Jaxson Dart,Travis Kelce,Bo Nix,Chuba Hubbard --overall 108 --slot 8 --teams 10 --league 446120701 --teamid 1
2026-09-06T23:14:59.221Z chooser err: roster Puka Nacua,Justin Jefferson,Breece Hall,Travis Etienne Jr.,Tyler Warren,Rome Odunze,Jaxson Dart,Travis Kelce,Bo Nix,Chuba Hubbard --overall 108 --slot 8 --teams 10 --league 446120701 --teamid 1
2026-09-06T23:15:00.698Z chooser err: roster Puka Nacua,Justin Jefferson,Breece Hall,Travis Etienne Jr.,Tyler Warren,Rome Odunze,Jaxson Dart,Travis Kelce,Bo Nix,Chuba Hubbard --overall 108 --slot 8 --teams 10 --league 446120701 --teamid 1
2026-09-06T23:15:02.091Z chooser err: roster Puka Nacua,Justin Jefferson,Breece Hall,Travis Etienne Jr.,Tyler Warren,Rome Odunze,Jaxson Dart,Travis Kelce,Bo Nix,Chuba Hubbard --overall 108 --slot 8 --teams 10 --league 446120701 --teamid 1
2026-09-06T23:15:03.567Z chooser err: roster Puka Nacua,Justin Jefferson,Breece Hall,Travis Etienne Jr.,Tyler Warren,Rome Odunze,Jaxson Dart,Travis Kelce,Bo Nix,Chuba Hubbard --overall 108 --slot 8 --teams 10 --league 446120701 --teamid 1
2026-09-06T23:15:04.453Z chooser err: roster Puka Nacua,Justin Jefferson,Breece Hall,Travis Etienne Jr.,Tyler Warren,Rome Odunze,Jaxson Dart,Travis Kelce,Bo Nix,Chuba Hubbard --overall 108 --slot 8 --teams 10 --league 446120701 --teamid 1
2026-09-06T23:15:05.922Z chooser err: roster Puka Nacua,Justin Jefferson,Breece Hall,Travis Etienne Jr.,Tyler Warren,Rome Odunze,Jaxson Dart,Travis Kelce,Bo Nix,Chuba Hubbard --overall 108 --slot 8 --teams 10 --league 446120701 --teamid 1
2026-09-06T23:15:07.303Z chooser err: roster Puka Nacua,Justin Jefferson,Breece Hall,Travis Etienne Jr.,Tyler Warren,Rome Odunze,Jaxson Dart,Travis Kelce,Bo Nix,Chuba Hubbard --overall 108 --slot 8 --teams 10 --league 446120701 --teamid 1
2026-09-06T23:15:08.732Z chooser err: roster Puka Nacua,Justin Jefferson,Breece Hall,Travis Etienne Jr.,Tyler Warren,Rome Odunze,Jaxson Dart,Travis Kelce,Bo Nix,Chuba Hubbard --overall 108 --slot 8 --teams 10 --league 446120701 --teamid 1
2026-09-06T23:15:09.737Z chooser err: roster Puka Nacua,Justin Jefferson,Breece Hall,Travis Etienne Jr.,Tyler Warren,Rome Odunze,Jaxson Dart,Travis Kelce,Bo Nix,Chuba Hubbard --overall 108 --slot 8 --teams 10 --league 446120701 --teamid 1
2026-09-06T23:15:11.082Z chooser err: roster Puka Nacua,Justin Jefferson,Breece Hall,Travis Etienne Jr.,Tyler Warren,Rome Odunze,Jaxson Dart,Travis Kelce,Bo Nix,Chuba Hubbard --overall 108 --slot 8 --teams 10 --league 446120701 --teamid 1
2026-09-06T23:15:12.538Z chooser err: roster Puka Nacua,Justin Jefferson,Breece Hall,Travis Etienne Jr.,Tyler Warren,Rome Odunze,Jaxson Dart,Travis Kelce,Bo Nix,Chuba Hubbard --overall 108 --slot 8 --teams 10 --league 446120701 --teamid 1
2026-09-06T23:15:13.975Z chooser err: roster Puka Nacua,Justin Jefferson,Breece Hall,Travis Etienne Jr.,Tyler Warren,Rome Odunze,Jaxson Dart,Travis Kelce,Bo Nix,Chuba Hubbard --overall 108 --slot 8 --teams 10 --league 446120701 --teamid 1
2026-09-06T23:15:15.020Z chooser err: roster Puka Nacua,Justin Jefferson,Breece Hall,Travis Etienne Jr.,Tyler Warren,Rome Odunze,Jaxson Dart,Travis Kelce,Bo Nix,Chuba Hubbard --overall 108 --slot 8 --teams 10 --league 446120701 --teamid 1
2026-09-06T23:15:16.552Z chooser err: roster Puka Nacua,Justin Jefferson,Breece Hall,Travis Etienne Jr.,Tyler Warren,Rome Odunze,Jaxson Dart,Travis Kelce,Bo Nix,Chuba Hubbard --overall 108 --slot 8 --teams 10 --league 446120701 --teamid 1
2026-09-06T23:15:18.006Z chooser err: roster Puka Nacua,Justin Jefferson,Breece Hall,Travis Etienne Jr.,Tyler Warren,Rome Odunze,Jaxson Dart,Travis Kelce,Bo Nix,Chuba Hubbard --overall 108 --slot 8 --teams 10 --league 446120701 --teamid 1
2026-09-06T23:15:19.105Z chooser err: roster Puka Nacua,Justin Jefferson,Breece Hall,Travis Etienne Jr.,Tyler Warren,Rome Odunze,Jaxson Dart,Travis Kelce,Bo Nix,Chuba Hubbard --overall 108 --slot 8 --teams 10 --league 446120701 --teamid 1
2026-09-06T23:15:20.604Z chooser err: roster Puka Nacua,Justin Jefferson,Breece Hall,Travis Etienne Jr.,Tyler Warren,Rome Odunze,Jaxson Dart,Travis Kelce,Bo Nix,Chuba Hubbard --overall 108 --slot 8 --teams 10 --league 446120701 --teamid 1
2026-09-06T23:15:21.976Z chooser err: roster Puka Nacua,Justin Jefferson,Breece Hall,Travis Etienne Jr.,Tyler Warren,Rome Odunze,Jaxson Dart,Travis Kelce,Bo Nix,Chuba Hubbard --overall 108 --slot 8 --teams 10 --league 446120701 --teamid 1
2026-09-06T23:15:23.441Z chooser err: roster Puka Nacua,Justin Jefferson,Breece Hall,Travis Etienne Jr.,Tyler Warren,Rome Odunze,Jaxson Dart,Travis Kelce,Bo Nix,Chuba Hubbard --overall 108 --slot 8 --teams 10 --league 446120701 --teamid 1
2026-09-06T23:15:24.506Z chooser err: roster Puka Nacua,Justin Jefferson,Breece Hall,Travis Etienne Jr.,Tyler Warren,Rome Odunze,Jaxson Dart,Travis Kelce,Bo Nix,Chuba Hubbard --overall 108 --slot 8 --teams 10 --league 446120701 --teamid 1
2026-09-06T23:15:24.911Z pickArea: You're on Autopick Disable Autopick to draft players DISABLE AUTOPICK | RND 11 OF 16 00:00
2026-09-06T23:16:43.165Z pickArea: Your Draft is Complete! Good luck in your quest to bring home this trophy |  00:29
2026-09-06T23:16:43.165Z DRAFT COMPLETE
2026-09-06T23:16:43.165Z driver3 exiting
